../Dev/App/temperature_control/temperature_control.c:90:13:temperature_control_task_init	16	static
../Dev/App/temperature_control/temperature_control.c:154:13:temperature_control_task_dispatch	24	static
../Dev/App/temperature_control/temperature_control.c:164:6:temperature_control_task_ctor	32	static
../Dev/App/temperature_control/temperature_control.c:175:6:temperature_control_task_singleton_ctor	56	static
../Dev/App/temperature_control/temperature_control.c:187:6:temperature_control_task_start	16	static
../Dev/App/temperature_control/temperature_control.c:192:16:temperature_control_default_handler	16	static
../Dev/App/temperature_control/temperature_control.c:209:16:temperature_control_state_manual_handler	32	static
../Dev/App/temperature_control/temperature_control.c:277:16:temperature_control_state_cooling_handler	32	static
../Dev/App/temperature_control/temperature_control.c:345:16:temperature_control_state_wait_heat_handler	32	static
../Dev/App/temperature_control/temperature_control.c:420:16:temperature_control_state_heating_heater_handler	32	static
../Dev/App/temperature_control/temperature_control.c:486:16:temperature_control_state_wait_cool_handler	32	static
../Dev/App/temperature_control/temperature_control.c:562:16:temperature_control_state_ntc_error_handler	32	static
../Dev/App/temperature_control/temperature_control.c:629:13:temp_control_log_print	280	static
../Dev/App/temperature_control/temperature_control.c:656:10:temperature_control_man_mode_set	40	static
../Dev/App/temperature_control/temperature_control.c:670:10:temperature_control_auto_mode_set	40	static
../Dev/App/temperature_control/temperature_control.c:685:6:temperature_control_power_control	16	static
../Dev/App/temperature_control/temperature_control.c:698:6:temperature_control_is_powered_on	16	static
../Dev/App/temperature_control/temperature_control.c:704:6:temperature_control_auto_tec_init_all	24	static
../Dev/App/temperature_control/temperature_control.c:717:10:temperature_control_tec_init	24	static
../Dev/App/temperature_control/temperature_control.c:727:6:temperature_control_auto_tec_set_output	32	static
../Dev/App/temperature_control/temperature_control.c:742:10:temperature_control_auto_tec_get_output	16	static
../Dev/App/temperature_control/temperature_control.c:748:10:temperature_control_profile_tec_register	16	static
../Dev/App/temperature_control/temperature_control.c:757:10:temperature_control_profile_tec_unregister	16	static
../Dev/App/temperature_control/temperature_control.c:766:9:temperature_control_profile_tec_get	16	static
../Dev/App/temperature_control/temperature_control.c:772:10:temperature_control_profile_heater_duty_set	16	static
../Dev/App/temperature_control/temperature_control.c:781:9:temperature_control_profile_heater_duty_get	16	static
../Dev/App/temperature_control/temperature_control.c:787:10:temperature_control_profile_heater_register	16	static
../Dev/App/temperature_control/temperature_control.c:796:10:temperature_control_profile_heater_unregister	16	static
../Dev/App/temperature_control/temperature_control.c:805:9:temperature_control_profile_heater_profile_get	16	static
../Dev/App/temperature_control/temperature_control.c:811:6:temperature_control_profile_setpoint_set	16	static
../Dev/App/temperature_control/temperature_control.c:816:9:temperature_control_profile_setpoint_get	16	static
../Dev/App/temperature_control/temperature_control.c:822:10:temperature_control_profile_ntc_register	16	static
../Dev/App/temperature_control/temperature_control.c:833:6:temperature_control_profile_ntc_get	16	static
../Dev/App/temperature_control/temperature_control.c:840:6:temperature_control_profile_temp_lim_set	16	static
../Dev/App/temperature_control/temperature_control.c:846:6:temperature_control_profile_temp_lim_get	16	static
../Dev/App/temperature_control/temperature_control.c:853:6:temperature_control_auto_tec_enable_output	24	static
../Dev/App/temperature_control/temperature_control.c:861:6:temperature_control_auto_tec_disable_output	24	static
../Dev/App/temperature_control/temperature_control.c:871:6:temperature_control_auto_heater_enable_output	24	static
../Dev/App/temperature_control/temperature_control.c:880:6:temperature_control_auto_heater_disable_output	24	static
../Dev/App/temperature_control/temperature_control.c:890:10:temperature_control_profile_set_auto_recover	16	static
../Dev/App/temperature_control/temperature_control.c:899:10:temperature_control_profile_get_auto_recover	16	static
../Dev/App/temperature_control/temperature_control.c:905:10:temperature_profile_tec_ovr_register	16	static
../Dev/App/temperature_control/temperature_control.c:916:10:temperature_profile_tec_ovr_voltage_set	16	static
../Dev/App/temperature_control/temperature_control.c:925:10:temperature_profile_tec_ovr_enable	72	static
../Dev/App/temperature_control/temperature_control.c:944:10:temperature_profile_tec_ovr_disable	24	static
../Dev/App/temperature_control/temperature_control.c:954:9:temperature_profile_tec_ovr_get	16	static
../Dev/App/temperature_control/temperature_control.c:959:10:temperature_profile_tec_ovr_get_voltage	16	static
../Dev/App/temperature_control/temperature_control.c:966:6:temperature_control_is_in_man_state	16	static
../Dev/App/temperature_control/temperature_control.c:970:10:temperature_control_tec_manual_set_output	80	static
../Dev/App/temperature_control/temperature_control.c:982:10:temperature_control_tec_enable_output	32	static
../Dev/App/temperature_control/temperature_control.c:990:10:temperature_control_profile_tec_voltage_set	16	static
../Dev/App/temperature_control/temperature_control.c:999:10:temperature_control_profile_tec_voltage_get	16	static
../Dev/App/temperature_control/temperature_control.c:1005:10:temperature_control_set_profile	24	static
../Dev/App/temperature_control/temperature_control.c:1029:13:temp_ctrl_update_profile	16	static
../Dev/App/temperature_control/temperature_control.c:1064:13:temp_ctrl_validate_profile	8	static
