../Dev/App/system_log/system_log.c:47:6:system_log_task_ctor	24	static
../Dev/App/system_log/system_log.c:58:6:system_log_task_ctor_singleton	32	static
../Dev/App/system_log/system_log.c:72:13:system_log_task_init	16	static
../Dev/App/system_log/system_log.c:91:6:system_log_task_start	16	static
../Dev/App/system_log/system_log.c:96:16:system_log_normal_state_handler	16	static
../Dev/App/system_log/system_log.c:113:6:system_log_house_keeping	64	static
../Dev/App/system_log/system_log.c:156:6:system_log_set_interval	16	static
../Dev/App/system_log/system_log.c:161:6:system_log_enable	8	static
../Dev/App/system_log/system_log.c:166:6:system_log_disable	8	static
../Dev/App/system_log/system_log.c:171:6:system_log_task_set_ntc_log_mask	16	static
../Dev/App/system_log/system_log.c:176:13:double_to_string	56	static
