../Drivers/STM32F7xx_HAL_Driver/Inc/stm32f7xx_ll_adc.h:3822:22:LL_ADC_Enable	16	static
../Drivers/STM32F7xx_HAL_Driver/Inc/stm32f7xx_ll_adc.h:3873:22:LL_ADC_REG_StartConversionSWStart	16	static
../Drivers/STM32F7xx_HAL_Driver/Inc/stm32f7xx_ll_dma.h:497:22:LL_DMA_EnableStream	16	static
../Drivers/STM32F7xx_HAL_Driver/Inc/stm32f7xx_ll_dma.h:517:22:LL_DMA_DisableStream	16	static
../Drivers/STM32F7xx_HAL_Driver/Inc/stm32f7xx_ll_dma.h:537:26:LL_DMA_IsEnabledStream	16	static
../Drivers/STM32F7xx_HAL_Driver/Inc/stm32f7xx_ll_dma.h:646:22:LL_DMA_SetMode	24	static
../Drivers/STM32F7xx_HAL_Driver/Inc/stm32f7xx_ll_dma.h:693:22:LL_DMA_SetPeriphIncMode	24	static
../Drivers/STM32F7xx_HAL_Driver/Inc/stm32f7xx_ll_dma.h:738:22:LL_DMA_SetMemoryIncMode	24	static
../Drivers/STM32F7xx_HAL_Driver/Inc/stm32f7xx_ll_dma.h:784:22:LL_DMA_SetPeriphSize	24	static
../Drivers/STM32F7xx_HAL_Driver/Inc/stm32f7xx_ll_dma.h:831:22:LL_DMA_SetMemorySize	24	static
../Drivers/STM32F7xx_HAL_Driver/Inc/stm32f7xx_ll_dma.h:971:22:LL_DMA_SetDataLength	24	static
../Drivers/STM32F7xx_HAL_Driver/Inc/stm32f7xx_ll_dma.h:1459:22:LL_DMA_SetMemoryAddress	24	static
../Drivers/STM32F7xx_HAL_Driver/Inc/stm32f7xx_ll_dma.h:1482:22:LL_DMA_SetPeriphAddress	24	static
../Drivers/STM32F7xx_HAL_Driver/Inc/stm32f7xx_ll_dma.h:2609:22:LL_DMA_EnableIT_TC	16	static
../Dev/Devices/NTC/ntc.c:1970:6:ntc_adc_dma_init	24	static
../Dev/Devices/NTC/ntc.c:1997:6:ntc_adc_trigger	8	static
../Dev/Devices/NTC/ntc.c:2003:9:ntc_convert	24	static
